[0m15:16:48.536278 [debug] [MainThread]: Sending event: {'category': 'dbt', 'action': 'invocation', 'label': 'start', 'context': [<snowplow_tracker.self_describing_json.SelfDescribingJson object at 0x10c63e3c0>, <snowplow_tracker.self_describing_json.SelfDescribingJson object at 0x10daab890>, <snowplow_tracker.self_describing_json.SelfDescribingJson object at 0x10daab750>]}


============================== 15:16:48.545490 | d11f02b2-67ca-484a-9e84-0576d817ba2a ==============================
[0m15:16:48.545490 [info ] [MainThread]: Running with dbt=1.12.2
[0m15:16:48.546067 [debug] [MainThread]: running dbt with arguments {'partial_parse': 'True', 'maximum_seed_size_mib': '1', 'static_parser': 'True', 'target_path': 'None', 'log_path': 'logs', 'log_format': 'default', 'fail_fast': 'False', 'indirect_selection': 'eager', 'debug': 'False', 'quiet': 'False', 'version_check': 'True', 'printer_width': '80', 'hints_enabled': 'True', 'no_print': 'None', 'cache_selected_only': 'False', 'introspect': 'True', 'warn_error': 'None', 'use_colors': 'True', 'use_experimental_parser': 'False', 'log_cache_events': 'False', 'write_json': 'True', 'invocation_command': 'dbt init zomato', 'warn_error_options': 'WarnErrorOptionsV2(error=[], warn=[], silence=[])', 'send_anonymous_usage_stats': 'True', 'empty': 'None', 'profiles_dir': '/Users/monarchnigam/.dbt'}
[0m15:16:48.560053 [info ] [MainThread]: Creating dbt configuration folder at /Users/monarchnigam/.dbt
[0m15:16:48.561557 [debug] [MainThread]: Starter project path: /Users/monarchnigam/zomato-data-pipeline/.venv/lib/python3.13/site-packages/dbt/include/starter_project
[0m15:16:48.567236 [info ] [MainThread]: Setting up your profile.
[0m15:17:38.415813 [debug] [MainThread]: Snowflake adapter: Setting snowflake.connector to ERROR (file logging only)
[0m15:17:38.416770 [debug] [MainThread]: Snowflake adapter: Setting botocore to ERROR (file logging only)
[0m15:17:38.417233 [debug] [MainThread]: Snowflake adapter: Setting boto3 to ERROR (file logging only)
[0m15:23:44.417138 [info ] [MainThread]: Profile zomato written to /Users/monarchnigam/.dbt/profiles.yml using target's profile_template.yml and your supplied values.
[0m15:23:44.430143 [info ] [MainThread]: Running dbt debug to validate the project...
[0m15:23:44.431824 [info ] [MainThread]: dbt version: 1.12.2
[0m15:23:44.432529 [info ] [MainThread]: python version: 3.13.1
[0m15:23:44.432892 [info ] [MainThread]: python path: /Users/monarchnigam/zomato-data-pipeline/.venv/bin/python3.13
[0m15:23:44.433231 [info ] [MainThread]: os info: macOS-26.3-arm64-arm-64bit-Mach-O
[0m15:23:44.494041 [info ] [MainThread]: Using profiles dir at /Users/monarchnigam/.dbt
[0m15:23:44.494444 [info ] [MainThread]: Using profiles.yml file at /Users/monarchnigam/.dbt/profiles.yml
[0m15:23:44.494673 [info ] [MainThread]: Using dbt_project.yml file at /Users/monarchnigam/zomato-data-pipeline/zomato/dbt_project.yml
[0m15:23:44.495605 [info ] [MainThread]: adapter type: snowflake
[0m15:23:44.495879 [info ] [MainThread]: adapter version: 1.12.0
[0m15:23:44.584451 [info ] [MainThread]: Configuration:
[0m15:23:44.584861 [info ] [MainThread]:   profiles.yml file [[32mOK found and valid[0m]
[0m15:23:44.585086 [info ] [MainThread]:   dbt_project.yml file [[32mOK found and valid[0m]
[0m15:23:44.585285 [info ] [MainThread]: Required dependencies:
[0m15:23:44.585637 [debug] [MainThread]: Executing "git --help"
[0m15:23:44.598941 [debug] [MainThread]: STDOUT: "b"usage: git [-v | --version] [-h | --help] [-C <path>] [-c <name>=<value>]\n           [--exec-path[=<path>]] [--html-path] [--man-path] [--info-path]\n           [-p | --paginate | -P | --no-pager] [--no-replace-objects] [--bare]\n           [--git-dir=<path>] [--work-tree=<path>] [--namespace=<name>]\n           [--config-env=<name>=<envvar>] <command> [<args>]\n\nThese are common Git commands used in various situations:\n\nstart a working area (see also: git help tutorial)\n   clone     Clone a repository into a new directory\n   init      Create an empty Git repository or reinitialize an existing one\n\nwork on the current change (see also: git help everyday)\n   add       Add file contents to the index\n   mv        Move or rename a file, a directory, or a symlink\n   restore   Restore working tree files\n   rm        Remove files from the working tree and from the index\n\nexamine the history and state (see also: git help revisions)\n   bisect    Use binary search to find the commit that introduced a bug\n   diff      Show changes between commits, commit and working tree, etc\n   grep      Print lines matching a pattern\n   log       Show commit logs\n   show      Show various types of objects\n   status    Show the working tree status\n\ngrow, mark and tweak your common history\n   branch    List, create, or delete branches\n   commit    Record changes to the repository\n   merge     Join two or more development histories together\n   rebase    Reapply commits on top of another base tip\n   reset     Reset current HEAD to the specified state\n   switch    Switch branches\n   tag       Create, list, delete or verify a tag object signed with GPG\n\ncollaborate (see also: git help workflows)\n   fetch     Download objects and refs from another repository\n   pull      Fetch from and integrate with another repository or a local branch\n   push      Update remote refs along with associated objects\n\n'git help -a' and 'git help -g' list available subcommands and some\nconcept guides. See 'git help <command>' or 'git help <concept>'\nto read about a specific subcommand or concept.\nSee 'git help git' for an overview of the system.\n""
[0m15:23:44.599773 [debug] [MainThread]: STDERR: "b''"
[0m15:23:44.600071 [info ] [MainThread]:  - git [[32mOK found[0m]

[0m15:23:44.600333 [info ] [MainThread]: Connection:
[0m15:23:44.600596 [info ] [MainThread]:   account: BKWQUMB-RR71469
[0m15:23:44.600794 [info ] [MainThread]:   user: MONARCHNIGAM
[0m15:23:44.600970 [info ] [MainThread]:   database: ZOMATO
[0m15:23:44.601140 [info ] [MainThread]:   warehouse: ZOMATO_WH
[0m15:23:44.601315 [info ] [MainThread]:   role: DBT_ROLE
[0m15:23:44.601484 [info ] [MainThread]:   schema: STAGING
[0m15:23:44.601649 [info ] [MainThread]:   authenticator: None
[0m15:23:44.601821 [info ] [MainThread]:   oauth_client_id: None
[0m15:23:44.601988 [info ] [MainThread]:   query_tag: None
[0m15:23:44.602159 [info ] [MainThread]:   client_session_keep_alive: False
[0m15:23:44.602327 [info ] [MainThread]:   host: None
[0m15:23:44.602493 [info ] [MainThread]:   port: None
[0m15:23:44.602657 [info ] [MainThread]:   proxy_host: None
[0m15:23:44.602821 [info ] [MainThread]:   proxy_port: None
[0m15:23:44.602989 [info ] [MainThread]:   protocol: None
[0m15:23:44.603153 [info ] [MainThread]:   connect_retries: 1
[0m15:23:44.603315 [info ] [MainThread]:   connect_timeout: None
[0m15:23:44.603482 [info ] [MainThread]:   retry_on_database_errors: False
[0m15:23:44.603645 [info ] [MainThread]:   retry_all: False
[0m15:23:44.603809 [info ] [MainThread]:   insecure_mode: False
[0m15:23:44.603970 [info ] [MainThread]:   reuse_connections: True
[0m15:23:44.604136 [info ] [MainThread]:   s3_stage_vpce_dns_name: None
[0m15:23:44.604298 [info ] [MainThread]:   workload_identity_provider: None
[0m15:23:44.604459 [info ] [MainThread]:   workload_identity_entra_resource: None
[0m15:23:44.604627 [info ] [MainThread]:   platform_detection_timeout_seconds: 0.0
[0m15:23:44.605222 [info ] [MainThread]: Registered adapter: snowflake=1.12.0
[0m15:23:44.703511 [debug] [MainThread]: Acquiring new snowflake connection 'debug'
[0m15:23:44.706239 [debug] [MainThread]: Using snowflake connection "debug"
[0m15:23:44.706501 [debug] [MainThread]: On debug: select 1 as id
[0m15:23:44.706792 [debug] [MainThread]: Opening a new connection, currently in state init
[0m15:23:46.352310 [debug] [MainThread]: SQL status: SUCCESS 1 in 1.645 seconds
[0m15:23:46.354528 [info ] [MainThread]:   Connection test: [[32mOK connection ok[0m]

[0m15:23:46.355284 [info ] [MainThread]: [32mAll checks passed![0m
[0m15:23:46.356258 [info ] [MainThread]: Your new dbt project "zomato" was created!
Initialized new project in /Users/monarchnigam/zomato-data-pipeline/zomato/zomato

For more information on how to configure the profiles.yml file,
please consult the dbt documentation here:

  https://docs.getdbt.com/docs/configure-your-profile

One more thing:

Need help? Don't hesitate to reach out to us via GitHub issues or on Slack:

  https://community.getdbt.com/

Happy modeling!

[0m15:23:46.389861 [debug] [MainThread]: Resource report: {"command_name": "init", "command_success": true, "command_wall_clock_time": 417.95145, "process_in_blocks": "0", "process_kernel_time": 0.547355, "process_mem_max_rss": "151601152", "process_out_blocks": "0", "process_user_time": 2.305466}
[0m15:23:46.390661 [debug] [MainThread]: Command `dbt init` succeeded at 15:23:46.390500 after 417.95 seconds
[0m15:23:46.391033 [debug] [MainThread]: Connection 'debug' was left open.
[0m15:23:46.391313 [debug] [MainThread]: On debug: Close
[0m15:23:46.705246 [debug] [MainThread]: Sending event: {'category': 'dbt', 'action': 'invocation', 'label': 'end', 'context': [<snowplow_tracker.self_describing_json.SelfDescribingJson object at 0x10fb1da70>, <snowplow_tracker.self_describing_json.SelfDescribingJson object at 0x10fdccdd0>, <snowplow_tracker.self_describing_json.SelfDescribingJson object at 0x10fcfead0>]}
[0m15:23:46.706755 [debug] [MainThread]: Flushing usage events
[0m15:23:47.082097 [debug] [MainThread]: An error was encountered while trying to flush usage events
